string(val: "")
string(val: "WAVEğŸŒŠ")
string(val: "\\\'\"\t\n\r")
