error converting Wasm value: missing ok payload at 13..15
unexpected token: ParenClose at 16..17
invalid value type at 13..17
error converting Wasm value: unexpected err payload at 17..18
error converting Wasm value: missing err payload at 14..17
unexpected token: ParenClose at 18..19
invalid value type at 14..18
error converting Wasm value: unexpected ok payload at 17..18
unexpected token: ParenClose at 22..23
invalid value type at 19..23
error converting Wasm value: unexpected ok payload at 22..23
unexpected token: ParenClose at 23..24
invalid value type at 19..23
error converting Wasm value: unexpected err payload at 23..24
error converting Wasm value: missing ok payload at 15..17
unexpected token: ParenClose at 18..19
invalid value type at 15..19
error converting Wasm value: missing err payload at 15..18
unexpected token: ParenClose at 19..20
invalid value type at 15..19
